-------------------------------------------------------------
🔧 Corrigindo formatação: /opt/gsan/descriptors/batchEmitirCartasCampanhaSolidariedadeCriancaParaNegociacaoAVista/META_INF/ejb-jar.xml
🔧 Corrigindo formatação: /opt/gsan/descriptors/batchGerarResumoIndicadoresCobranca/META-INF/ejb-jar.xml
🔧 Corrigindo formatação: /opt/gsan/descriptors/batchGerarResumoIndicadoresFaturamento/META-INF/ejb-jar.xml
🔧 Corrigindo formatação: /opt/gsan/descriptors/batchGerarDadosReceitasAFaturarResumo/META-INF/ejb-jar.xml
🔧 Corrigindo formatação: /opt/gsan/descriptors/atendimentoPublico/META-INF/ejb-jar.xml
🔧 Corrigindo formatação: /opt/gsan/descriptors/batchRelatorioContasBaixadasContabilmente/META-INF/ejb-jar.xml
🔧 Corrigindo formatação: /opt/gsan/descriptors/cadastroCOSANPA/META-INF/ejb-jar.xml
🔧 Corrigindo formatação: /opt/gsan/descriptors/faturamentoCAERN/META-INF/ejb-jar.xml
🔧 Corrigindo formatação: /opt/gsan/descriptors/batchGerarArquivoTextoAtualizacaoCadastral/META-INF/ejb-jar.xml
🔧 Corrigindo formatação: /opt/gsan/descriptors/batchFaturarGrupoFaturamento/META-INF/ejb-jar.xml
🔧 Corrigindo formatação: /opt/gsan/descriptors/faturamentoCAEMA/META-INF/ejb-jar.xml
🔧 Corrigindo formatação: /opt/gsan/descriptors/micromedicaoCOSANPA/META-INF/ejb-jar.xml
🔧 Corrigindo formatação: /opt/gsan/descriptors/util/META-INF/ejb-jar.xml
🔧 Corrigindo formatação: /opt/gsan/descriptors/batchGerarResumoAcoesCobrancaCronogramaEncerrarOS/META-INF/ejb-jar.xml
🔧 Corrigindo formatação: /opt/gsan/descriptors/batchProcessarArquivoTxtEncerramentoOSCobranca/META-INF/ejb-jar.xml
🔧 Corrigindo formatação: /opt/gsan/descriptors/batchGerarDadosDocumentosNaoIdentificados/META-INF/ejb-jar.xml
🔧 Corrigindo formatação: /opt/gsan/descriptors/registroatendimento/META-INF/ejb-jar.xml
🔧 Corrigindo formatação: /opt/gsan/descriptors/imovel/META-INF/ejb-jar.xml
🔧 Corrigindo formatação: /opt/gsan/descriptors/batchGerarTaxaPercentualTarifaMinimaCortado/META-INF/ejb-jar.xml
🔧 Corrigindo formatação: /opt/gsan/descriptors/arrecadacaoCAERN/META-INF/ejb-jar.xml
🔧 Corrigindo formatação: /opt/gsan/descriptors/cadastro/META-INF/ejb-jar.xml
🔧 Corrigindo formatação: /opt/gsan/descriptors/micromedicaoCAEMA/META-INF/ejb-jar.xml
🔧 Corrigindo formatação: /opt/gsan/descriptors/batchGerarResumoFaturamentoAguaEsgoto/META-INF/ejb-jar.xml
🔧 Corrigindo formatação: /opt/gsan/descriptors/batchPrescreverDebitosImoveisPublicosAutomatico/META-INF/ejb-jar.xml
🔧 Corrigindo formatação: /opt/gsan/descriptors/ligacaoEsgoto/META-INF/ejb-jar.xml
🔧 Corrigindo formatação: /opt/gsan/descriptors/cobrancaCAEMA/META-INF/ejb-jar.xml
🔧 Corrigindo formatação: /opt/gsan/descriptors/batchInserirResumoAcoesCobrancaEventual/META-INF/ejb-jar.xml
🔧 Corrigindo formatação: /opt/gsan/descriptors/batchEncerrarComandoOSSeletivaInspecaoAnormalidade/META_INF/ejb-jar.xml
🔧 Corrigindo formatação: /opt/gsan/descriptors/batchGerarResumoAcoesCobrancaEventual/META-INF/ejb-jar.xml
🔧 Corrigindo formatação: /opt/gsan/descriptors/atualizacaoCadastral/META-INF/ejb-jar.xml
🔧 Corrigindo formatação: /opt/gsan/descriptors/batchEmitirBoletimCadastro/META-INF/ejb-jar.xml
🔧 Corrigindo formatação: /opt/gsan/descriptors/batchGerarDadosParaLeitura/META-INF/ejb-jar.xml
🔧 Corrigindo formatação: /opt/gsan/descriptors/gerencialCadastro/META-INF/ejb-jar.xml
🔧 Corrigindo formatação: /opt/gsan/descriptors/financeiroCAERN/META-INF/ejb-jar.xml
🔧 Corrigindo formatação: /opt/gsan/descriptors/batchGerarCartaTarifaSocial/META-INF/ejb-jar.xml
🔧 Corrigindo formatação: /opt/gsan/descriptors/batchEmitirContasOrgaoPublico/META-INF/ejb-jar.xml
🔧 Corrigindo formatação: /opt/gsan/descriptors/batchGerarDadosArquivoAcompanhamentoServico/META_INF/ejb-jar.xml
🔧 Corrigindo formatação: /opt/gsan/descriptors/batchGerarResumoColetaEsgotoPorAno/META-INF/ejb-jar.xml
🔧 Corrigindo formatação: /opt/gsan/descriptors/batchReligarImoveisCortadosComConsumoReal/META-INF/ejb-jar.xml
🔧 Corrigindo formatação: /opt/gsan/descriptors/batchDesfazerParcelamentoPorEntradaNaoPagaSemAnoMesReferencia/META-INF/ejb-jar.xml
🔧 Corrigindo formatação: /opt/gsan/descriptors/gerencialFaturamento/META-INF/ejb-jar.xml
🔧 Corrigindo formatação: /opt/gsan/descriptors/batchGerarResumoReceita/META-INF/ejb-jar.xml
🔧 Corrigindo formatação: /opt/gsan/descriptors/batchGerarResumoConsumoAguaPorAno/META-INF/ejb-jar.xml
🔧 Corrigindo formatação: /opt/gsan/descriptors/gerencialArrecadacao/META-INF/ejb-jar.xml
🔧 Corrigindo formatação: /opt/gsan/descriptors/relatorio/META-INF/ejb-jar.xml
🔧 Corrigindo formatação: /opt/gsan/descriptors/cobrancaJUAZEIRO/META-INF/ejb-jar.xml
🔧 Corrigindo formatação: /opt/gsan/descriptors/faturamentoCAER/META-INF/ejb-jar.xml
🔧 Corrigindo formatação: /opt/gsan/descriptors/batchGerarArquivoTextoParaLeiturista/META-INF/ejb-jar.xml
🔧 Corrigindo formatação: /opt/gsan/descriptors/batchGerarResumoLigacoesEconomias/META-INF/ejb-jar.xml
🔧 Corrigindo formatação: /opt/gsan/descriptors/batchGerarResumoFaturamento/META-INF/ejb-jar.xml
🔧 Corrigindo formatação: /opt/gsan/descriptors/batchProcessarComandoGerado/META-INF/ejb-jar.xml
🔧 Corrigindo formatação: /opt/gsan/descriptors/batchGerarResumoParcelamento/META-INF/ejb-jar.xml
🔧 Corrigindo formatação: /opt/gsan/descriptors/batchGerarMovimentoHidrometro/META-INF/ejb-jar.xml
🔧 Corrigindo formatação: /opt/gsan/descriptors/batchProcessarEncerramentoOSAcaoCobranca/META-INF/ejb-jar.xml
🔧 Corrigindo formatação: /opt/gsan/descriptors/batchAtualizarConjuntoHidrometro/META-INF/ejb-jar.xml
🔧 Corrigindo formatação: /opt/gsan/descriptors/batchGerarCreditoBolsaAgua/META-INF/ejb-jar.xml
🔧 Corrigindo formatação: /opt/gsan/descriptors/batchGerarResumoArrecadacaoPorAno/META-INF/ejb-jar.xml
🔧 Corrigindo formatação: /opt/gsan/descriptors/usuario/META-INF/ejb-jar.xml
🔧 Corrigindo formatação: /opt/gsan/descriptors/batchInserirResumoAcoesCobrancaCronograma/META-INF/ejb-jar.xml
🔧 Corrigindo formatação: /opt/gsan/descriptors/cadastroCAEMA/META-INF/ejb-jar.xml
🔧 Corrigindo formatação: /opt/gsan/descriptors/batchEnvioEmailContaParaCliente/META-INF/ejb-jar.xml
🔧 Corrigindo formatação: /opt/gsan/descriptors/batchGerarNegociacaoContasCobrancaEmpresa/META-INF/ejb-jar.xml
🔧 Corrigindo formatação: /opt/gsan/descriptors/batchAtualizacaoCadastral/META-INF/ejb-jar.xml
🔧 Corrigindo formatação: /opt/gsan/descriptors/batchGerarArquivoTextoPagamentosContasCobrancaEmpresa/META-INF/ejb-jar.xml
🔧 Corrigindo formatação: /opt/gsan/descriptors/batchGerarResumoColetaEsgoto/META-INF/ejb-jar.xml
🔧 Corrigindo formatação: /opt/gsan/descriptors/batchEmitirOrdemDeFiscalizacao/META-INF/ejb-jar.xml
🔧 Corrigindo formatação: /opt/gsan/descriptors/batchGerarResumoPendencia/META-INF/ejb-jar.xml
🔧 Corrigindo formatação: /opt/gsan/descriptors/contratoParcelamento/META-INF/ejb-jar.xml
🔧 Corrigindo formatação: /opt/gsan/descriptors/batchGerarDebitoACobrarDoacao/META-INF/ejb-jar.xml
🔧 Corrigindo formatação: /opt/gsan/descriptors/batchGerarPrescreverDebitosDeImoveis/META-INF/ejb-jar.xml
🔧 Corrigindo formatação: /opt/gsan/descriptors/batchAtualizarDadosBolsaAgua/META-INF/ejb-jar.xml
🔧 Corrigindo formatação: /opt/gsan/descriptors/financeiroCAER/META-INF/ejb-jar.xml
🔧 Corrigindo formatação: /opt/gsan/descriptors/batchRegistrarBoletos/META-INF/ejb-jar.xml
🔧 Corrigindo formatação: /opt/gsan/descriptors/batchGerarResumoIndicadoresMicromedicao/META-INF/ejb-jar.xml
🔧 Corrigindo formatação: /opt/gsan/descriptors/batchGerarResumoDevedoresDuvidosos/META-INF/ejb-jar.xml
🔧 Corrigindo formatação: /opt/gsan/descriptors/batchGerarResumoNegativacao/META-INF/ejb-jar.xml
🔧 Corrigindo formatação: /opt/gsan/descriptors/batchGerarMovimentoContasCobrancaPorEmpresa/META-INF/ejb-jar.xml
🔧 Corrigindo formatação: /opt/gsan/descriptors/cobrancaBatchMDB/META-INF/ejb-jar.xml
🔧 Corrigindo formatação: /opt/gsan/descriptors/arrecadacaoBatchMDB/META-INF/ejb-jar.xml
🔧 Corrigindo formatação: /opt/gsan/descriptors/batchAtualizarAutosInfracaoPrazoRecursoVencido/META-INF/ejb-jar.xml
🔧 Corrigindo formatação: /opt/gsan/descriptors/batchGerarTabelasTemporariasAtualizacaoCadastral/META-INF/ejb-jar.xml
🔧 Corrigindo formatação: /opt/gsan/descriptors/geografico/META-INF/ejb-jar.xml
🔧 Corrigindo formatação: /opt/gsan/descriptors/financeiroCOSAMA/META-INF/ejb-jar.xml
🔧 Corrigindo formatação: /opt/gsan/descriptors/cadastroCAER/META-INF/ejb-jar.xml
🔧 Corrigindo formatação: /opt/gsan/descriptors/batchGerarArquivoOrdemDeFiscalizacao/META-INF/ejb-jar.xml
🔧 Corrigindo formatação: /opt/gsan/descriptors/batchGerarContasAReceberContabil/META-INF/ejb-jar.xml
🔧 Corrigindo formatação: /opt/gsan/descriptors/batchGerarLancamentosContabeisFaturamento/META-INF/ejb-jar.xml
🔧 Corrigindo formatação: /opt/gsan/descriptors/gerencialMicromedicao/META-INF/ejb-jar.xml
🔧 Corrigindo formatação: /opt/gsan/descriptors/batchAtualizarResumoDevedoresDuvidosos/META-INF/ejb-jar.xml
🔧 Corrigindo formatação: /opt/gsan/descriptors/gerencialCobranca/META-INF/ejb-jar.xml
🔧 Corrigindo formatação: /opt/gsan/descriptors/cliente/META-INF/ejb-jar.xml
🔧 Corrigindo formatação: /opt/gsan/descriptors/financeiroJUAZEIRO/META-INF/ejb-jar.xml
🔧 Corrigindo formatação: /opt/gsan/descriptors/batchGerarDebitoACobrarDeAcrescimoPorImpontualidade/META-INF/ejb-jar.xml
🔧 Corrigindo formatação: /opt/gsan/descriptors/integracao/META-INF/ejb-jar.xml
🔧 Corrigindo formatação: /opt/gsan/descriptors/batchGerarCartasDeFinalDeAno/META-INF/ejb-jar.xml
🔧 Corrigindo formatação: /opt/gsan/descriptors/batchGerarResumoParcelamentoPorAno/META-INF/ejb-jar.xml
🔧 Corrigindo formatação: /opt/gsan/descriptors/retificarConta/META-INF/ejb-jar.xml
🔧 Corrigindo formatação: /opt/gsan/descriptors/batchEncerrarComandosDeCobrancaResultado/META-INF/ejb-jar.xml
🔧 Corrigindo formatação: /opt/gsan/descriptors/faturamentoCOSANPA/META-INF/ejb-jar.xml
🔧 Corrigindo formatação: /opt/gsan/descriptors/batchGerarDadosPagamentosNaoClassificados/META-INF/ejb-jar.xml
🔧 Corrigindo formatação: /opt/gsan/descriptors/spcserasa/META-INF/ejb-jar.xml
🔧 Corrigindo formatação: /opt/gsan/descriptors/batchGerarResumoLigacoesEconomiasPorAno/META-INF/ejb-jar.xml
🔧 Corrigindo formatação: /opt/gsan/descriptors/batchGerarLancamentosContabeisArrecadacao/META-INF/ejb-jar.xml
🔧 Corrigindo formatação: /opt/gsan/descriptors/batchAtualizarLigacaoAguaLigadoAnaliseParaLigado/META-INF/ejb-jar.xml
🔧 Corrigindo formatação: /opt/gsan/descriptors/batchSuspenderLeituraParaImovelComConsumoRealNaoSuperiorA10/META-INF/ejb-jar.xml
🔧 Corrigindo formatação: /opt/gsan/descriptors/arrecadacaoCAEMA/META-INF/ejb-jar.xml
🔧 Corrigindo formatação: /opt/gsan/descriptors/transacao/META-INF/ejb-jar.xml
🔧 Corrigindo formatação: /opt/gsan/descriptors/cadastroCOMPESA/META-INF/ejb-jar.xml
🔧 Corrigindo formatação: /opt/gsan/descriptors/batchGerarTxtOsInspecaoAnormalidade/META-INF/ejb-jar.xml
🔧 Corrigindo formatação: /opt/gsan/descriptors/batchEmitirBoletos/META-INF/ejb-jar.xml
🔧 Corrigindo formatação: /opt/gsan/descriptors/batchVerificarFaturamentoImoveisCortados/META-INF/ejb-jar.xml
🔧 Corrigindo formatação: /opt/gsan/descriptors/tarifasocial/META-INF/ejb-jar.xml
🔧 Corrigindo formatação: /opt/gsan/descriptors/batchConsistirLeiturasCalcularConsumos/META-INF/ejb-jar.xml
🔧 Corrigindo formatação: /opt/gsan/descriptors/BatchAtualizarPagamentosContasCobranca/META-INF/ejb-jar.xml
🔧 Corrigindo formatação: /opt/gsan/descriptors/batchAcompanharPagamentoDoParcelamento/META-INF/ejb-jar.xml
🔧 Corrigindo formatação: /opt/gsan/descriptors/batchGerarMovimentoRetornoNegativacao/META-INF/ejb-jar.xml
🔧 Corrigindo formatação: /opt/gsan/descriptors/financeiroCOSANPA/META-INF/ejb-jar.xml
🔧 Corrigindo formatação: /opt/gsan/descriptors/cadastroJUAZEIRO/META-INF/ejb-jar.xml
🔧 Corrigindo formatação: /opt/gsan/descriptors/arrecadacaoCAER/META-INF/ejb-jar.xml
🔧 Corrigindo formatação: /opt/gsan/descriptors/batchAutomatizarPerfisDeGrandesConsumidores/META-INF/ejb-jar.xml
🔧 Corrigindo formatação: /opt/gsan/descriptors/batchEnvioNotificacaoAvisoCorte/META-INF/ejb-jar.xml
🔧 Corrigindo formatação: /opt/gsan/descriptors/cobrancaCAER/META-INF/ejb-jar.xml
🔧 Corrigindo formatação: /opt/gsan/descriptors/batchGerarResumoPendenciaPorAno/META-INF/ejb-jar.xml
🔧 Corrigindo formatação: /opt/gsan/descriptors/financeiroCOMPESA/META-INF/ejb-jar.xml
🔧 Corrigindo formatação: /opt/gsan/descriptors/cobrancaCAERN/META-INF/ejb-jar.xml
🔧 Corrigindo formatação: /opt/gsan/descriptors/batchExecutarComandoNegativacao/META-INF/ejb-jar.xml
🔧 Corrigindo formatação: /opt/gsan/descriptors/cadastroCAERN/META-INF/ejb-jar.xml
🔧 Corrigindo formatação: /opt/gsan/descriptors/localidade/META-INF/ejb-jar.xml
🔧 Corrigindo formatação: /opt/gsan/descriptors/batchAtualizarNumeroExecucaoResumoNegativacao/META-INF/ejb-jar.xml
🔧 Corrigindo formatação: /opt/gsan/descriptors/batchGerarResumoRegistroAtendimentoPorAno/META-INF/ejb-jar.xml
🔧 Corrigindo formatação: /opt/gsan/descriptors/batchExcluirImoveisDaTarifaSocial/META-INF/ejb-jar.xml
🔧 Corrigindo formatação: /opt/gsan/descriptors/batchEmitirExtratoConsumoImovelCondominio/META-INF/ejb-jar.xml
🔧 Corrigindo formatação: /opt/gsan/descriptors/batchDeterminarConfirmacaoDaNegativacao/META-INF/ejb-jar.xml
🔧 Corrigindo formatação: /opt/gsan/descriptors/batchGerarResumoReFaturamentoNovo/META-INF/ejb-jar.xml
🔧 Corrigindo formatação: /opt/gsan/descriptors/batchGerarMovimentoExtensaoContasCobrancaPorEmpresa/META-INF/ejb-jar.xml
🔧 Corrigindo formatação: /opt/gsan/descriptors/micromedicaoCAER/META-INF/ejb-jar.xml
🔧 Corrigindo formatação: /opt/gsan/descriptors/faturamento/META-INF/ejb-jar.xml
🔧 Corrigindo formatação: /opt/gsan/descriptors/batchEmitirContas/META-INF/ejb-jar.xml
🔧 Corrigindo formatação: /opt/gsan/descriptors/batchGerarResumoAnormalidade/META-INF/ejb-jar.xml
🔧 Corrigindo formatação: /opt/gsan/descriptors/arrecadacaoCOSANPA/META-INF/ejb-jar.xml
🔧 Corrigindo formatação: /opt/gsan/descriptors/faturamentoCOSAMA/META-INF/ejb-jar.xml
🔧 Corrigindo formatação: /opt/gsan/descriptors/batchDesfazerParcelamentoPorEntradaNaoPaga/META-INF/ejb-jar.xml
🔧 Corrigindo formatação: /opt/gsan/descriptors/gerencialImovel/META-INF/ejb-jar.xml
🔧 Corrigindo formatação: /opt/gsan/descriptors/unidade/META-INF/ejb-jar.xml
🔧 Corrigindo formatação: /opt/gsan/descriptors/batchGerarLancamentosContabeisAvisosBancarios/META-INF/ejb-jar.xml
🔧 Corrigindo formatação: /opt/gsan/descriptors/micromedicaoCOMPESA/META-INF/ejb-jar.xml
🔧 Corrigindo formatação: /opt/gsan/descriptors/batchGerarHistoricoParaEncerrarFaturamentoMes/META-INF/ejb-jar.xml
🔧 Corrigindo formatação: /opt/gsan/descriptors/batchAlterarInscricaoImovel/META-INF/ejb-jar.xml
🔧 Corrigindo formatação: /opt/gsan/descriptors/batchGerarDadosDiariosArrecadacao/META-INF/ejb-jar.xml
🔧 Corrigindo formatação: /opt/gsan/descriptors/batch/META-INF/ejb-jar.xml
🔧 Corrigindo formatação: /opt/gsan/descriptors/micromedicaoJUAZEIRO/META-INF/ejb-jar.xml
🔧 Corrigindo formatação: /opt/gsan/descriptors/batchGerarResumoRegistroAtendimento/META-INF/ejb-jar.xml
🔧 Corrigindo formatação: /opt/gsan/descriptors/batchGerarTxtImpressaoContasBraille/META-INF/ejb-jar.xml
🔧 Corrigindo formatação: /opt/gsan/descriptors/batchGerarGuiaPagamentoPorClienteResumoPendencia/META-INF/ejb-jar.xml
🔧 Corrigindo formatação: /opt/gsan/descriptors/ligacaoAgua/META-INF/ejb-jar.xml
🔧 Corrigindo formatação: /opt/gsan/descriptors/batchGerarResumoLeituraAnormalidade/META-INF/ejb-jar.xml
🔧 Corrigindo formatação: /opt/gsan/descriptors/batchExecutarComandoEncerramentoRA/META-INF/ejb-jar.xml
🔧 Corrigindo formatação: /opt/gsan/descriptors/batchSuspenderImovelEmProgramaEspecial/META-INF/ejb-jar.xml
🔧 Corrigindo formatação: /opt/gsan/descriptors/batchGerarRelatorioPagamentosContasCobrancaEmpresa/META-INF/ejb-jar.xml
🔧 Corrigindo formatação: /opt/gsan/descriptors/batchGerarResumoSimulacaoFaturamento/META-INF/ejb-jar.xml
🔧 Corrigindo formatação: /opt/gsan/descriptors/ordemservico/META-INF/ejb-jar.xml
🔧 Corrigindo formatação: /opt/gsan/descriptors/BatchEmitirTermoAlteracaoCadastral/META-INF/ejb-jar.xml
🔧 Corrigindo formatação: /opt/gsan/descriptors/batchGerarArquivoTextoDeclaracaoQuitacaoAnualDebitos/META-INF/ejb-jar.xml
🔧 Corrigindo formatação: /opt/gsan/descriptors/batchGerarCreditoSituacaoEspecialFaturamento/META-INF/ejb-jar.xml
🔧 Corrigindo formatação: /opt/gsan/descriptors/arrecadacaoCOSAMA/META-INF/ejb-jar.xml
🔧 Corrigindo formatação: /opt/gsan/descriptors/batchCancelarParcelamentos/META-INF/ejb-jar.xml
🔧 Corrigindo formatação: /opt/gsan/descriptors/batchGerarAtividadeAcaoCobranca/META-INF/ejb-jar.xml
🔧 Corrigindo formatação: /opt/gsan/descriptors/batchGerarHistoricoConta/META-INF/ejb-jar.xml
🔧 Corrigindo formatação: /opt/gsan/descriptors/batchPrescreverDebitosImoveisPublicosManual/META-INF/ejb-jar.xml
🔧 Corrigindo formatação: /opt/gsan/descriptors/cadastroCOSAMA/META-INF/ejb-jar.xml
🔧 Corrigindo formatação: /opt/gsan/descriptors/batchProcessarPagamentosDiferencaDoisReais/META-INF/ejb-jar.xml
🔧 Corrigindo formatação: /opt/gsan/descriptors/micromedicaoCOSAMA/META-INF/ejb-jar.xml
🔧 Corrigindo formatação: /opt/gsan/descriptors/batchGerarDadosRelatorioBIG/META-INF/ejb-jar.xml
🔧 Corrigindo formatação: /opt/gsan/descriptors/cobrancaCOMPESA/META-INF/ejb-jar.xml
🔧 Corrigindo formatação: /opt/gsan/descriptors/batchGerarArquivoTextoOSContasPagasParceladas/META-INF/ejb-jar.xml
🔧 Corrigindo formatação: /opt/gsan/descriptors/batchProcessarEncerramentoOSFiscalizacaoDecursoPrazo/META-INF/ejb-jar.xml
🔧 Corrigindo formatação: /opt/gsan/descriptors/batchGerarResumoSituacaoEspecialCobranca/META-INF/ejb-jar.xml
🔧 Corrigindo formatação: /opt/gsan/descriptors/batchGerarDadosDeclaracaoQuitacaoAnualDebitos/META-INF/ejb-jar.xml
🔧 Corrigindo formatação: /opt/gsan/descriptors/batchGerarResumoSituacaoEspecialFaturamento/META-INF/ejb-jar.xml
🔧 Corrigindo formatação: /opt/gsan/descriptors/batchGerarResumoDocumentosAReceber/META-INF/ejb-jar.xml
🔧 Corrigindo formatação: /opt/gsan/descriptors/batchGerarArquivoTextoContasProjetosEspeciais/META-INF/ejb-jar.xml
🔧 Corrigindo formatação: /opt/gsan/descriptors/faturamentoCOMPESA/META-INF/ejb-jar.xml
🔧 Corrigindo formatação: /opt/gsan/descriptors/arrecadacaoJUAZEIRO/META-INF/ejb-jar.xml
🔧 Corrigindo formatação: /opt/gsan/descriptors/faturamentoJUAZEIRO/META-INF/ejb-jar.xml
🔧 Corrigindo formatação: /opt/gsan/descriptors/arrecadacaoCOMPESA/META-INF/ejb-jar.xml
🔧 Corrigindo formatação: /opt/gsan/descriptors/operacional/META-INF/ejb-jar.xml
🔧 Corrigindo formatação: /opt/gsan/descriptors/BatchGerarValorVolumesConsumidosNaoFaturados/META-INF/ejb-jar.xml
🔧 Corrigindo formatação: /opt/gsan/descriptors/batchGerarFaturaClienteResponsavel/META-INF/ejb-jar.xml
🔧 Corrigindo formatação: /opt/gsan/descriptors/faturamentoBatchMDB/META-INF/ejb-jar.xml
🔧 Corrigindo formatação: /opt/gsan/descriptors/batchGerarResumoHistogramaAguaEsgotoSemQuadra/META-INF/ejb-jar.xml
🔧 Corrigindo formatação: /opt/gsan/descriptors/micromedicaoCAERN/META-INF/ejb-jar.xml
🔧 Corrigindo formatação: /opt/gsan/descriptors/batchGerarMovimentoExclusaoNegativacao/META-INF/ejb-jar.xml
🔧 Corrigindo formatação: /opt/gsan/descriptors/micromedicaoBatchMDB/META-INF/ejb-jar.xml
🔧 Corrigindo formatação: /opt/gsan/descriptors/financeiroCAEMA/META-INF/ejb-jar.xml
🔧 Corrigindo formatação: /opt/gsan/descriptors/batchGerarResumoInstalacoesHidrometrosPorAno/META-INF/ejb-jar.xml
🔧 Corrigindo formatação: /opt/gsan/descriptors/batchSuspenderLeituraParaImovelComHidrometroRetirado/META-INF/ejb-jar.xml
🔧 Corrigindo formatação: /opt/gsan/descriptors/endereco/META-INF/ejb-jar.xml
🔧 Corrigindo formatação: /opt/gsan/descriptors/batchGerarResumoHidrometro/META-INF/ejb-jar.xml
🔧 Corrigindo formatação: /opt/gsan/descriptors/batchAtualizarComandoAtividadeAcaoCobranca/META-INF/ejb-jar.xml
🔧 Corrigindo formatação: /opt/gsan/descriptors/permissaoEspecial/META-INF/ejb-jar.xml
🔧 Corrigindo formatação: /opt/gsan/descriptors/batchGerarResumoConsumoAgua/META-INF/ejb-jar.xml
🔧 Corrigindo formatação: /opt/gsan/descriptors/batchGerarResumoReFaturamento/META-INF/ejb-jar.xml
🔧 Corrigindo formatação: /opt/gsan/descriptors/batchProgramacaoAutoRoteiroAcompServico/META_INF/ejb-jar.xml
🔧 Corrigindo formatação: /opt/gsan/descriptors/gerencial/META-INF/ejb-jar.xml
🔧 Corrigindo formatação: /opt/gsan/descriptors/acesso/META-INF/ejb-jar.xml
🔧 Corrigindo formatação: /opt/gsan/descriptors/batchGerarResumoArrecadacao/META-INF/ejb-jar.xml
🔧 Corrigindo formatação: /opt/gsan/descriptors/tabelaauxiliar/META-INF/ejb-jar.xml
🔧 Corrigindo formatação: /opt/gsan/descriptors/batchRetificarConjuntoContaConsumos/META-INF/ejb-jar.xml
🔧 Corrigindo formatação: /opt/gsan/descriptors/batchGerarResumoHistogramaAguaEsgoto/META-INF/ejb-jar.xml
🔧 Corrigindo formatação: /opt/gsan/descriptors/batchIncluirDebitoACobrarEntradaParcelamentoNaoPaga/META-INF/ejb-jar.xml
🔧 Corrigindo formatação: /opt/gsan/descriptors/batchGerarLancamentosContabeisDevedoresDuvidosos/META-INF/ejb-jar.xml
🔧 Corrigindo formatação: /opt/gsan/descriptors/parcelamento/META-INF/ejb-jar.xml
🔧 Corrigindo formatação: /opt/gsan/descriptors/batchGerarResumoFaturamentoPorAno/META-INF/ejb-jar.xml
🔧 Corrigindo formatação: /opt/gsan/descriptors/batchEnvioNotificacaoVencimentoFatura/META-INF/ejb-jar.xml
🔧 Corrigindo formatação: /opt/gsan/descriptors/batchGerarResumoIndicadoresMicromedicaoPorAno/META-INF/ejb-jar.xml
🔧 Corrigindo formatação: /opt/gsan/descriptors/portal/META-INF/ejb-jar.xml
🔧 Corrigindo formatação: /opt/gsan/descriptors/batchGerarResumoInstalacoesHidrometros/META-INF/ejb-jar.xml
🔧 Corrigindo formatação: /opt/gsan/descriptors/cobrancaCOSANPA/META-INF/ejb-jar.xml
🔧 Corrigindo formatação: /opt/gsan/descriptors/batchRetirarImovelTarifaSocial/META-INF/ejb-jar.xml
🔧 Corrigindo formatação: /opt/gsan/descriptors/batchEncerrarArrecadacaoMes/META-INF/ejb-jar.xml
🔧 Corrigindo formatação: /opt/gsan/descriptors/batchClassificarPagamentosDevolucoes/META-INF/ejb-jar.xml
🔧 Corrigindo formatação: /opt/gsan/descriptors/batchEmitirCartasDeFinalDeAno/META-INF/ejb-jar.xml
🔧 Corrigindo formatação: /opt/gsan/descriptors/batchGerarResumoMetasAcumulado/META-INF/ejb-jar.xml
🔧 Corrigindo formatação: /opt/gsan/descriptors/batchInserirPagamentosFaturasEspeciais/META-INF/ejb-jar.xml
🔧 Corrigindo formatação: /opt/gsan/descriptors/batchEfetuarRateioConsumo/META-INF/ejb-jar.xml
🔧 Corrigindo formatação: /opt/gsan/descriptors/batchAtualizaQuantidadeParcelaPagaConsecutivaParcelaBonus/META-INF/ejb-jar.xml
🔧 Corrigindo formatação: /opt/gsan/descriptors/cobrancaPorResultado/META-INF/ejb-jar.xml
🔧 Corrigindo formatação: /opt/gsan/descriptors/batchGerarHistoricoParaEncerrarArrecadacaoMes/META-INF/ejb-jar.xml
🔧 Corrigindo formatação: /opt/gsan/descriptors/batchGerarBonusTarifaSocial/META-INF/ejb-jar.xml
🔧 Corrigindo formatação: /opt/gsan/descriptors/batchGerarResumoAcoesCobrancaCronograma/META-INF/ejb-jar.xml
🔧 Corrigindo formatação: /opt/gsan/descriptors/batchGerarRAOSAnormalidadeConsumo/META-INF/ejb-jar.xml
🔧 Corrigindo formatação: /opt/gsan/descriptors/cobrancaCOSAMA/META-INF/ejb-jar.xml
🔧 Corrigindo formatação: /opt/gsan/descriptors/batchEmitirDocumentoCobranca/META-INF/ejb-jar.xml
🔧 Corrigindo formatação: /opt/gsan/descriptors/batchGerarResumoMetas/META-INF/ejb-jar.xml
🔧 Corrigindo formatação: /opt/gsan/descriptors/batchEncerrarComandosDeCobrancaResultadoPorEmpresa/META-INF/ejb-jar.xml
🔧 Corrigindo formatação: /opt/gsan/descriptors/batchApagarResumoDevedoresDuvidosos/META-INF/ejb-jar.xml
🔧 Corrigindo formatação: /opt/gsan/descriptors/batchGerarResumoReFaturamentoOlap/META-INF/ejb-jar.xml
🔧 Corrigindo formatação: /opt/gsan/descriptors/batchEncerrarFaturamentoMes/META-INF/ejb-jar.xml
🔧 Corrigindo formatação: /opt/gsan/descriptors/batchGerarResumoDiarioNegativacao/META-INF/ejb-jar.xml
🔧 Corrigindo formatação: /opt/gsan/descriptors/faturamentoIS/META-INF/ejb-jar.xml
🔧 Corrigindo formatação: /opt/gsan/descriptors/batchGerarTaxaEntregaOutroEndereco/META-INF/ejb-jar.xml
🔧 Corrigindo formatação: /opt/gsan/descriptors/batchAtualizarCodigoDebitoAutomatico/META-INF/ejb-jar.xml
🔧 Corrigindo formatação: /opt/gsan/descriptors/batchGerarCartasCampanhaSolidariedadeCriancaParaNegociacaoAVista/META-INF/ejb-jar.xml
🔧 Corrigindo formatação: /opt/gsan/descriptors/BatchCancelarGuiasPagamentoNaoPagasMDB/META-INF/ejb-jar.xml
🔧 Corrigindo formatação: /opt/gsan/descriptors/batchGerarResumoIndicadoresComercializacao/META-INF/ejb-jar.xml
🔧 Corrigindo formatação: /opt/gsan/descriptors/batchGerarArquivoTextoContasCobrancaEmpresa/META-INF/ejb-jar.xml
-------------------------------------------------------------
   ⚠️ Arquivo não encontrado: /opt/gsan/descriptors/analiseGeracaoConta/META-INF/ejb-jar.xml
-------------------------------------------------------------
